/home/howardhan/anaconda3/envs/metaurban/lib/python3.10/site-packages/pygame/pkgdata.py:25: UserWarning: pkg_resources is deprecated as an API. See https://setuptools.pypa.io/en/latest/pkg_resources.html. The pkg_resources package is slated for removal as early as 2025-11-30. Refrain from using this package or pin to Setuptools<81.
  from pkg_resources import resource_stream, resource_exists
/home/howardhan/anaconda3/envs/metaurban/lib/python3.10/site-packages/pygame/pkgdata.py:25: UserWarning: pkg_resources is deprecated as an API. See https://setuptools.pypa.io/en/latest/pkg_resources.html. The pkg_resources package is slated for removal as early as 2025-11-30. Refrain from using this package or pin to Setuptools<81.
  from pkg_resources import resource_stream, resource_exists
/home/howardhan/anaconda3/envs/metaurban/lib/python3.10/site-packages/pygame/pkgdata.py:25: UserWarning: pkg_resources is deprecated as an API. See https://setuptools.pypa.io/en/latest/pkg_resources.html. The pkg_resources package is slated for removal as early as 2025-11-30. Refrain from using this package or pin to Setuptools<81.
  from pkg_resources import resource_stream, resource_exists
/home/howardhan/anaconda3/envs/metaurban/lib/python3.10/site-packages/pygame/pkgdata.py:25: UserWarning: pkg_resources is deprecated as an API. See https://setuptools.pypa.io/en/latest/pkg_resources.html. The pkg_resources package is slated for removal as early as 2025-11-30. Refrain from using this package or pin to Setuptools<81.
  from pkg_resources import resource_stream, resource_exists
/home/howardhan/anaconda3/envs/metaurban/lib/python3.10/site-packages/pygame/pkgdata.py:25: UserWarning: pkg_resources is deprecated as an API. See https://setuptools.pypa.io/en/latest/pkg_resources.html. The pkg_resources package is slated for removal as early as 2025-11-30. Refrain from using this package or pin to Setuptools<81.
  from pkg_resources import resource_stream, resource_exists
/home/howardhan/anaconda3/envs/metaurban/lib/python3.10/site-packages/pygame/pkgdata.py:25: UserWarning: pkg_resources is deprecated as an API. See https://setuptools.pypa.io/en/latest/pkg_resources.html. The pkg_resources package is slated for removal as early as 2025-11-30. Refrain from using this package or pin to Setuptools<81.
  from pkg_resources import resource_stream, resource_exists
/home/howardhan/anaconda3/envs/metaurban/lib/python3.10/site-packages/pygame/pkgdata.py:25: UserWarning: pkg_resources is deprecated as an API. See https://setuptools.pypa.io/en/latest/pkg_resources.html. The pkg_resources package is slated for removal as early as 2025-11-30. Refrain from using this package or pin to Setuptools<81.
  from pkg_resources import resource_stream, resource_exists
/home/howardhan/anaconda3/envs/metaurban/lib/python3.10/site-packages/pygame/pkgdata.py:25: UserWarning: pkg_resources is deprecated as an API. See https://setuptools.pypa.io/en/latest/pkg_resources.html. The pkg_resources package is slated for removal as early as 2025-11-30. Refrain from using this package or pin to Setuptools<81.
  from pkg_resources import resource_stream, resource_exists
/home/howardhan/anaconda3/envs/metaurban/lib/python3.10/site-packages/pygame/pkgdata.py:25: UserWarning: pkg_resources is deprecated as an API. See https://setuptools.pypa.io/en/latest/pkg_resources.html. The pkg_resources package is slated for removal as early as 2025-11-30. Refrain from using this package or pin to Setuptools<81.
  from pkg_resources import resource_stream, resource_exists
/home/howardhan/anaconda3/envs/metaurban/lib/python3.10/site-packages/pygame/pkgdata.py:25: UserWarning: pkg_resources is deprecated as an API. See https://setuptools.pypa.io/en/latest/pkg_resources.html. The pkg_resources package is slated for removal as early as 2025-11-30. Refrain from using this package or pin to Setuptools<81.
  from pkg_resources import resource_stream, resource_exists
/home/howardhan/anaconda3/envs/metaurban/lib/python3.10/site-packages/pygame/pkgdata.py:25: UserWarning: pkg_resources is deprecated as an API. See https://setuptools.pypa.io/en/latest/pkg_resources.html. The pkg_resources package is slated for removal as early as 2025-11-30. Refrain from using this package or pin to Setuptools<81.
  from pkg_resources import resource_stream, resource_exists
obs_dim=271  act_dim=2  act_range=[-1.0, 1.0]
[init] collecting 5,000 random transitions...
[train] MBPO 5,000 → 1,600,000 steps
[train] ensemble=7(5 elites)  rollout_len=1  rollout_batch=10000  real_ratio=0.5  sac_updates/step=10  goal_proximity_coeff=20.0 (train env only)
[step   5,500] dynamics retrained  val_loss=0.008554  syn_added=5,500  elapsed=0.4min
[step   6,000] dynamics retrained  val_loss=0.005724  syn_added=6,000  elapsed=0.9min
[step   6,500] dynamics retrained  val_loss=0.006858  syn_added=6,500  elapsed=1.3min
[step   7,000] dynamics retrained  val_loss=0.006502  syn_added=7,000  elapsed=1.7min
[step   7,500] dynamics retrained  val_loss=0.005618  syn_added=7,500  elapsed=2.1min
[step   8,000] dynamics retrained  val_loss=0.00685  syn_added=8,000  elapsed=2.6min
[step   8,500] dynamics retrained  val_loss=0.005486  syn_added=8,500  elapsed=3.0min
[step   9,000] dynamics retrained  val_loss=0.006893  syn_added=9,000  elapsed=3.5min
[step   9,500] dynamics retrained  val_loss=0.006227  syn_added=9,500  elapsed=3.9min
[step  10,000] dynamics retrained  val_loss=0.005799  syn_added=10,000  elapsed=4.3min
[eval   10,000] return=22.23 [3.8,76.9]  success=0%  len=562  (eval took 43.8s)
[step  10,500] dynamics retrained  val_loss=0.005815  syn_added=10,000  elapsed=5.5min
[step  11,000] dynamics retrained  val_loss=0.005841  syn_added=10,000  elapsed=5.9min
[step  11,500] dynamics retrained  val_loss=0.005769  syn_added=10,000  elapsed=6.3min
[step  12,000] dynamics retrained  val_loss=0.005348  syn_added=10,000  elapsed=6.8min
[step  12,500] dynamics retrained  val_loss=0.006184  syn_added=10,000  elapsed=7.2min
[step  13,000] dynamics retrained  val_loss=0.005937  syn_added=10,000  elapsed=7.6min
[step  13,500] dynamics retrained  val_loss=0.005356  syn_added=10,000  elapsed=8.1min
[step  14,000] dynamics retrained  val_loss=0.005679  syn_added=10,000  elapsed=8.5min
[step  14,500] dynamics retrained  val_loss=0.005672  syn_added=10,000  elapsed=8.9min
[step  15,000] dynamics retrained  val_loss=0.005106  syn_added=10,000  elapsed=9.4min
[step  15,500] dynamics retrained  val_loss=0.005287  syn_added=10,000  elapsed=9.8min
[step  16,000] dynamics retrained  val_loss=0.005118  syn_added=10,000  elapsed=10.2min
[step  16,500] dynamics retrained  val_loss=0.005235  syn_added=10,000  elapsed=10.7min
[step  17,000] dynamics retrained  val_loss=0.005679  syn_added=10,000  elapsed=11.1min
[step  17,500] dynamics retrained  val_loss=0.005235  syn_added=10,000  elapsed=11.5min
[step  18,000] dynamics retrained  val_loss=0.005603  syn_added=10,000  elapsed=12.0min
[step  18,500] dynamics retrained  val_loss=0.005158  syn_added=10,000  elapsed=12.4min
[step  19,000] dynamics retrained  val_loss=0.006183  syn_added=10,000  elapsed=12.9min
[step  19,500] dynamics retrained  val_loss=0.005469  syn_added=10,000  elapsed=13.3min
[step  20,000] dynamics retrained  val_loss=0.005899  syn_added=10,000  elapsed=13.7min
[eval   20,000] return=99.16 [81.2,122.9]  success=0%  len=117  (eval took 18.9s)
[step  20,500] dynamics retrained  val_loss=0.005285  syn_added=10,000  elapsed=14.5min
[step  21,000] dynamics retrained  val_loss=0.00593  syn_added=10,000  elapsed=14.9min
[step  21,500] dynamics retrained  val_loss=0.005646  syn_added=10,000  elapsed=15.4min
[step  22,000] dynamics retrained  val_loss=0.005274  syn_added=10,000  elapsed=15.8min
[step  22,500] dynamics retrained  val_loss=0.005567  syn_added=10,000  elapsed=16.3min
[step  23,000] dynamics retrained  val_loss=0.005619  syn_added=10,000  elapsed=16.7min
[step  23,500] dynamics retrained  val_loss=0.005332  syn_added=10,000  elapsed=17.1min
[step  24,000] dynamics retrained  val_loss=0.006095  syn_added=10,000  elapsed=17.6min
[step  24,500] dynamics retrained  val_loss=0.005717  syn_added=10,000  elapsed=18.0min
[step  25,000] dynamics retrained  val_loss=0.00546  syn_added=10,000  elapsed=18.5min
[step  25,500] dynamics retrained  val_loss=0.005655  syn_added=10,000  elapsed=18.9min
[step  26,000] dynamics retrained  val_loss=0.005525  syn_added=10,000  elapsed=19.4min
[step  26,500] dynamics retrained  val_loss=0.005676  syn_added=10,000  elapsed=19.8min
[step  27,000] dynamics retrained  val_loss=0.005335  syn_added=10,000  elapsed=20.2min
[step  27,500] dynamics retrained  val_loss=0.005621  syn_added=10,000  elapsed=20.7min
[step  28,000] dynamics retrained  val_loss=0.005209  syn_added=10,000  elapsed=21.1min
[step  28,500] dynamics retrained  val_loss=0.005563  syn_added=10,000  elapsed=21.6min
[step  29,000] dynamics retrained  val_loss=0.005408  syn_added=10,000  elapsed=22.0min
[step  29,500] dynamics retrained  val_loss=0.005469  syn_added=10,000  elapsed=22.5min
[step  30,000] dynamics retrained  val_loss=0.005309  syn_added=10,000  elapsed=22.9min
[eval   30,000] return=23.62 [5.0,96.7]  success=0%  len=351  (eval took 45.2s)
[step  30,500] dynamics retrained  val_loss=0.005615  syn_added=10,000  elapsed=24.2min
[step  31,000] dynamics retrained  val_loss=0.005727  syn_added=10,000  elapsed=24.6min
[step  31,500] dynamics retrained  val_loss=0.006002  syn_added=10,000  elapsed=25.0min
[step  32,000] dynamics retrained  val_loss=0.006281  syn_added=10,000  elapsed=25.5min
[step  32,500] dynamics retrained  val_loss=0.005521  syn_added=10,000  elapsed=25.9min
[step  33,000] dynamics retrained  val_loss=0.005574  syn_added=10,000  elapsed=26.4min
[step  33,500] dynamics retrained  val_loss=0.005643  syn_added=10,000  elapsed=26.9min
[step  34,000] dynamics retrained  val_loss=0.005782  syn_added=10,000  elapsed=27.3min
[step  34,500] dynamics retrained  val_loss=0.005484  syn_added=10,000  elapsed=27.7min
[step  35,000] dynamics retrained  val_loss=0.00577  syn_added=10,000  elapsed=28.2min
[step  35,500] dynamics retrained  val_loss=0.00615  syn_added=10,000  elapsed=28.7min
[step  36,000] dynamics retrained  val_loss=0.0055  syn_added=10,000  elapsed=29.1min
[step  36,500] dynamics retrained  val_loss=0.006108  syn_added=10,000  elapsed=29.6min
[step  37,000] dynamics retrained  val_loss=0.005565  syn_added=10,000  elapsed=30.0min
[step  37,500] dynamics retrained  val_loss=0.005932  syn_added=10,000  elapsed=30.5min
[step  38,000] dynamics retrained  val_loss=0.00551  syn_added=10,000  elapsed=30.9min
[step  38,500] dynamics retrained  val_loss=0.005687  syn_added=10,000  elapsed=31.4min
[step  39,000] dynamics retrained  val_loss=0.005871  syn_added=10,000  elapsed=31.9min
[step  39,500] dynamics retrained  val_loss=0.006408  syn_added=10,000  elapsed=32.3min
[step  40,000] dynamics retrained  val_loss=0.005594  syn_added=10,000  elapsed=32.8min
[eval   40,000] return=92.46 [59.6,136.1]  success=0%  len=215  (eval took 46.6s)
[step  40,500] dynamics retrained  val_loss=0.005745  syn_added=10,000  elapsed=34.1min
[step  41,000] dynamics retrained  val_loss=0.005574  syn_added=10,000  elapsed=34.5min
[step  41,500] dynamics retrained  val_loss=0.005702  syn_added=10,000  elapsed=35.0min
[step  42,000] dynamics retrained  val_loss=0.005587  syn_added=10,000  elapsed=35.4min
[step  42,500] dynamics retrained  val_loss=0.005719  syn_added=10,000  elapsed=35.9min
[step  43,000] dynamics retrained  val_loss=0.006134  syn_added=10,000  elapsed=36.4min
[step  43,500] dynamics retrained  val_loss=0.005674  syn_added=10,000  elapsed=36.8min
[step  44,000] dynamics retrained  val_loss=0.006525  syn_added=10,000  elapsed=37.3min
[step  44,500] dynamics retrained  val_loss=0.005764  syn_added=10,000  elapsed=37.7min
[step  45,000] dynamics retrained  val_loss=0.005873  syn_added=10,000  elapsed=38.2min
[step  45,500] dynamics retrained  val_loss=0.005766  syn_added=10,000  elapsed=38.6min
[step  46,000] dynamics retrained  val_loss=0.005746  syn_added=10,000  elapsed=39.1min
[step  46,500] dynamics retrained  val_loss=0.005676  syn_added=10,000  elapsed=39.5min
[step  47,000] dynamics retrained  val_loss=0.006211  syn_added=10,000  elapsed=40.0min
[step  47,500] dynamics retrained  val_loss=0.005872  syn_added=10,000  elapsed=40.5min
[step  48,000] dynamics retrained  val_loss=0.006354  syn_added=10,000  elapsed=40.9min
[step  48,500] dynamics retrained  val_loss=0.005622  syn_added=10,000  elapsed=41.4min
[step  49,000] dynamics retrained  val_loss=0.005462  syn_added=10,000  elapsed=41.9min
[step  49,500] dynamics retrained  val_loss=0.005605  syn_added=10,000  elapsed=42.3min
[step  50,000] dynamics retrained  val_loss=0.006049  syn_added=10,000  elapsed=42.8min
[eval   50,000] return=55.87 [-2.0,165.5]  success=0%  len=399  (eval took 45.2s)
[ckpt   50,000] saved → final_logs/MBPO/mbpo_seed0/checkpoints/ckpt_step_50000.pt
[step  50,500] dynamics retrained  val_loss=0.005649  syn_added=10,000  elapsed=44.0min
[step  51,000] dynamics retrained  val_loss=0.005698  syn_added=10,000  elapsed=44.5min
[step  51,500] dynamics retrained  val_loss=0.005381  syn_added=10,000  elapsed=44.9min
[step  52,000] dynamics retrained  val_loss=0.005359  syn_added=10,000  elapsed=45.4min
[step  52,500] dynamics retrained  val_loss=0.005705  syn_added=10,000  elapsed=45.8min
[step  53,000] dynamics retrained  val_loss=0.005608  syn_added=10,000  elapsed=46.3min
[step  53,500] dynamics retrained  val_loss=0.005747  syn_added=10,000  elapsed=46.8min
[step  54,000] dynamics retrained  val_loss=0.005621  syn_added=10,000  elapsed=47.2min
[step  54,500] dynamics retrained  val_loss=0.005836  syn_added=10,000  elapsed=47.7min
[step  55,000] dynamics retrained  val_loss=0.006054  syn_added=10,000  elapsed=48.2min
[step  55,500] dynamics retrained  val_loss=0.005781  syn_added=10,000  elapsed=48.6min
[step  56,000] dynamics retrained  val_loss=0.005526  syn_added=10,000  elapsed=49.1min
[step  56,500] dynamics retrained  val_loss=0.005464  syn_added=10,000  elapsed=49.6min
[step  57,000] dynamics retrained  val_loss=0.005807  syn_added=10,000  elapsed=50.0min
[step  57,500] dynamics retrained  val_loss=0.005495  syn_added=10,000  elapsed=50.5min
[step  58,000] dynamics retrained  val_loss=0.005366  syn_added=10,000  elapsed=51.0min
[step  58,500] dynamics retrained  val_loss=0.005829  syn_added=10,000  elapsed=51.4min
[step  59,000] dynamics retrained  val_loss=0.00533  syn_added=10,000  elapsed=51.9min
[step  59,500] dynamics retrained  val_loss=0.005441  syn_added=10,000  elapsed=52.4min
[step  60,000] dynamics retrained  val_loss=0.005379  syn_added=10,000  elapsed=52.8min
[eval   60,000] return=72.46 [54.4,122.0]  success=0%  len=310  (eval took 46.1s)
[step  60,500] dynamics retrained  val_loss=0.005297  syn_added=10,000  elapsed=54.1min
[step  61,000] dynamics retrained  val_loss=0.005396  syn_added=10,000  elapsed=54.5min
[step  61,500] dynamics retrained  val_loss=0.005359  syn_added=10,000  elapsed=55.0min
[step  62,000] dynamics retrained  val_loss=0.005453  syn_added=10,000  elapsed=55.5min
[step  62,500] dynamics retrained  val_loss=0.005618  syn_added=10,000  elapsed=56.0min
[step  63,000] dynamics retrained  val_loss=0.005253  syn_added=10,000  elapsed=56.5min
[step  63,500] dynamics retrained  val_loss=0.005728  syn_added=10,000  elapsed=56.9min
[step  64,000] dynamics retrained  val_loss=0.005434  syn_added=10,000  elapsed=57.4min
[step  64,500] dynamics retrained  val_loss=0.005484  syn_added=10,000  elapsed=57.9min
[step  65,000] dynamics retrained  val_loss=0.005216  syn_added=10,000  elapsed=58.3min
[step  65,500] dynamics retrained  val_loss=0.005426  syn_added=10,000  elapsed=58.8min
[step  66,000] dynamics retrained  val_loss=0.00563  syn_added=10,000  elapsed=59.3min
[step  66,500] dynamics retrained  val_loss=0.005273  syn_added=10,000  elapsed=59.8min
[step  67,000] dynamics retrained  val_loss=0.00533  syn_added=10,000  elapsed=60.2min
[step  67,500] dynamics retrained  val_loss=0.005216  syn_added=10,000  elapsed=60.7min
[step  68,000] dynamics retrained  val_loss=0.0052  syn_added=10,000  elapsed=61.2min
[step  68,500] dynamics retrained  val_loss=0.005247  syn_added=10,000  elapsed=61.7min
[step  69,000] dynamics retrained  val_loss=0.005794  syn_added=10,000  elapsed=62.1min
[step  69,500] dynamics retrained  val_loss=0.005188  syn_added=10,000  elapsed=62.6min
[step  70,000] dynamics retrained  val_loss=0.005604  syn_added=10,000  elapsed=63.1min
[eval   70,000] return=70.37 [49.4,105.9]  success=0%  len=207  (eval took 33.1s)
[step  70,500] dynamics retrained  val_loss=0.005551  syn_added=10,000  elapsed=64.1min
[step  71,000] dynamics retrained  val_loss=0.005544  syn_added=10,000  elapsed=64.6min
[step  71,500] dynamics retrained  val_loss=0.005664  syn_added=10,000  elapsed=65.1min
[step  72,000] dynamics retrained  val_loss=0.005606  syn_added=10,000  elapsed=65.5min
[step  72,500] dynamics retrained  val_loss=0.005426  syn_added=10,000  elapsed=66.0min
[step  73,000] dynamics retrained  val_loss=0.005547  syn_added=10,000  elapsed=66.5min
[step  73,500] dynamics retrained  val_loss=0.005233  syn_added=10,000  elapsed=67.0min
[step  74,000] dynamics retrained  val_loss=0.005452  syn_added=10,000  elapsed=67.5min
[step  74,500] dynamics retrained  val_loss=0.005635  syn_added=10,000  elapsed=68.0min
[step  75,000] dynamics retrained  val_loss=0.005149  syn_added=10,000  elapsed=68.4min
[step  75,500] dynamics retrained  val_loss=0.005569  syn_added=10,000  elapsed=68.9min
[step  76,000] dynamics retrained  val_loss=0.005294  syn_added=10,000  elapsed=69.4min
[step  76,500] dynamics retrained  val_loss=0.005257  syn_added=10,000  elapsed=69.9min
[step  77,000] dynamics retrained  val_loss=0.005366  syn_added=10,000  elapsed=70.3min
[step  77,500] dynamics retrained  val_loss=0.005338  syn_added=10,000  elapsed=70.8min
[step  78,000] dynamics retrained  val_loss=0.00546  syn_added=10,000  elapsed=71.3min
[step  78,500] dynamics retrained  val_loss=0.005169  syn_added=10,000  elapsed=71.8min
[step  79,000] dynamics retrained  val_loss=0.00519  syn_added=10,000  elapsed=72.3min
[step  79,500] dynamics retrained  val_loss=0.00532  syn_added=10,000  elapsed=72.8min
[step  80,000] dynamics retrained  val_loss=0.005185  syn_added=10,000  elapsed=73.2min
[eval   80,000] return=73.29 [44.0,108.5]  success=0%  len=136  (eval took 33.7s)
[step  80,500] dynamics retrained  val_loss=0.005336  syn_added=10,000  elapsed=74.3min
[step  81,000] dynamics retrained  val_loss=0.005477  syn_added=10,000  elapsed=74.8min
[step  81,500] dynamics retrained  val_loss=0.005535  syn_added=10,000  elapsed=75.3min
[step  82,000] dynamics retrained  val_loss=0.005142  syn_added=10,000  elapsed=75.7min
[step  82,500] dynamics retrained  val_loss=0.005256  syn_added=10,000  elapsed=76.2min
[step  83,000] dynamics retrained  val_loss=0.005353  syn_added=10,000  elapsed=76.7min
[step  83,500] dynamics retrained  val_loss=0.005046  syn_added=10,000  elapsed=77.2min
[step  84,000] dynamics retrained  val_loss=0.005239  syn_added=10,000  elapsed=77.7min
[step  84,500] dynamics retrained  val_loss=0.005172  syn_added=10,000  elapsed=78.2min
[step  85,000] dynamics retrained  val_loss=0.005064  syn_added=10,000  elapsed=78.6min
[step  85,500] dynamics retrained  val_loss=0.005108  syn_added=10,000  elapsed=79.1min
[step  86,000] dynamics retrained  val_loss=0.005129  syn_added=10,000  elapsed=79.6min
[step  86,500] dynamics retrained  val_loss=0.005055  syn_added=10,000  elapsed=80.1min
[step  87,000] dynamics retrained  val_loss=0.005339  syn_added=10,000  elapsed=80.6min
[step  87,500] dynamics retrained  val_loss=0.00523  syn_added=10,000  elapsed=81.1min
[step  88,000] dynamics retrained  val_loss=0.005367  syn_added=10,000  elapsed=81.6min
[step  88,500] dynamics retrained  val_loss=0.005331  syn_added=10,000  elapsed=82.1min
[step  89,000] dynamics retrained  val_loss=0.005321  syn_added=10,000  elapsed=82.6min
[step  89,500] dynamics retrained  val_loss=0.005181  syn_added=10,000  elapsed=83.1min
[step  90,000] dynamics retrained  val_loss=0.005358  syn_added=10,000  elapsed=83.5min
[eval   90,000] return=94.96 [66.0,124.9]  success=0%  len=132  (eval took 23.6s)
[step  90,500] dynamics retrained  val_loss=0.005303  syn_added=10,000  elapsed=84.4min
[step  91,000] dynamics retrained  val_loss=0.005042  syn_added=10,000  elapsed=84.9min
[step  91,500] dynamics retrained  val_loss=0.005354  syn_added=10,000  elapsed=85.4min
[step  92,000] dynamics retrained  val_loss=0.005391  syn_added=10,000  elapsed=85.9min
[step  92,500] dynamics retrained  val_loss=0.005243  syn_added=10,000  elapsed=86.4min
[step  93,000] dynamics retrained  val_loss=0.00505  syn_added=10,000  elapsed=86.9min
[step  93,500] dynamics retrained  val_loss=0.005154  syn_added=10,000  elapsed=87.4min
[step  94,000] dynamics retrained  val_loss=0.005494  syn_added=10,000  elapsed=87.9min
[step  94,500] dynamics retrained  val_loss=0.005275  syn_added=10,000  elapsed=88.4min
[step  95,000] dynamics retrained  val_loss=0.005193  syn_added=10,000  elapsed=88.9min
[step  95,500] dynamics retrained  val_loss=0.005156  syn_added=10,000  elapsed=89.4min
[step  96,000] dynamics retrained  val_loss=0.005014  syn_added=10,000  elapsed=89.9min
[step  96,500] dynamics retrained  val_loss=0.005335  syn_added=10,000  elapsed=90.4min
[step  97,000] dynamics retrained  val_loss=0.005483  syn_added=10,000  elapsed=90.9min
[step  97,500] dynamics retrained  val_loss=0.005233  syn_added=10,000  elapsed=91.4min
[step  98,000] dynamics retrained  val_loss=0.005092  syn_added=10,000  elapsed=91.9min
[step  98,500] dynamics retrained  val_loss=0.005566  syn_added=10,000  elapsed=92.4min
[step  99,000] dynamics retrained  val_loss=0.005259  syn_added=10,000  elapsed=92.9min
[step  99,500] dynamics retrained  val_loss=0.005221  syn_added=10,000  elapsed=93.4min
[step 100,000] dynamics retrained  val_loss=0.005175  syn_added=10,000  elapsed=93.9min
[eval  100,000] return=58.45 [33.5,88.7]  success=0%  len=138  (eval took 20.7s)
[ckpt  100,000] saved → final_logs/MBPO/mbpo_seed0/checkpoints/ckpt_step_100000.pt
[step 100,500] dynamics retrained  val_loss=0.005254  syn_added=10,000  elapsed=94.8min
[step 101,000] dynamics retrained  val_loss=0.005156  syn_added=10,000  elapsed=95.3min
[step 101,500] dynamics retrained  val_loss=0.005009  syn_added=10,000  elapsed=95.8min
[step 102,000] dynamics retrained  val_loss=0.005139  syn_added=10,000  elapsed=96.3min
[step 102,500] dynamics retrained  val_loss=0.005015  syn_added=10,000  elapsed=96.8min
[step 103,000] dynamics retrained  val_loss=0.004959  syn_added=10,000  elapsed=97.3min
[step 103,500] dynamics retrained  val_loss=0.005025  syn_added=10,000  elapsed=97.8min
[step 104,000] dynamics retrained  val_loss=0.005248  syn_added=10,000  elapsed=98.3min
[step 104,500] dynamics retrained  val_loss=0.005094  syn_added=10,000  elapsed=98.8min
[step 105,000] dynamics retrained  val_loss=0.005137  syn_added=10,000  elapsed=99.3min
[step 105,500] dynamics retrained  val_loss=0.005309  syn_added=10,000  elapsed=99.8min
[step 106,000] dynamics retrained  val_loss=0.005125  syn_added=10,000  elapsed=100.3min
[step 106,500] dynamics retrained  val_loss=0.005101  syn_added=10,000  elapsed=100.8min
[step 107,000] dynamics retrained  val_loss=0.005241  syn_added=10,000  elapsed=101.3min
[step 107,500] dynamics retrained  val_loss=0.005111  syn_added=10,000  elapsed=101.8min
[step 108,000] dynamics retrained  val_loss=0.005317  syn_added=10,000  elapsed=102.4min
[step 108,500] dynamics retrained  val_loss=0.005242  syn_added=10,000  elapsed=102.9min
[step 109,000] dynamics retrained  val_loss=0.00543  syn_added=10,000  elapsed=103.4min
[step 109,500] dynamics retrained  val_loss=0.005265  syn_added=10,000  elapsed=103.9min
[step 110,000] dynamics retrained  val_loss=0.005398  syn_added=10,000  elapsed=104.4min
[eval  110,000] return=72.73 [52.8,89.0]  success=0%  len=128  (eval took 24.5s)
[step 110,500] dynamics retrained  val_loss=0.005388  syn_added=10,000  elapsed=105.3min
[step 111,000] dynamics retrained  val_loss=0.005077  syn_added=10,000  elapsed=105.8min
[step 111,500] dynamics retrained  val_loss=0.005181  syn_added=10,000  elapsed=106.3min
[step 112,000] dynamics retrained  val_loss=0.005382  syn_added=10,000  elapsed=106.8min
[step 112,500] dynamics retrained  val_loss=0.005114  syn_added=10,000  elapsed=107.3min
[step 113,000] dynamics retrained  val_loss=0.005223  syn_added=10,000  elapsed=107.9min
[step 113,500] dynamics retrained  val_loss=0.005238  syn_added=10,000  elapsed=108.4min
[step 114,000] dynamics retrained  val_loss=0.005208  syn_added=10,000  elapsed=108.9min
[step 114,500] dynamics retrained  val_loss=0.005204  syn_added=10,000  elapsed=109.4min
[step 115,000] dynamics retrained  val_loss=0.0052  syn_added=10,000  elapsed=109.9min
[step 115,500] dynamics retrained  val_loss=0.005063  syn_added=10,000  elapsed=110.4min
[step 116,000] dynamics retrained  val_loss=0.005138  syn_added=10,000  elapsed=110.9min
[step 116,500] dynamics retrained  val_loss=0.005062  syn_added=10,000  elapsed=111.4min
[step 117,000] dynamics retrained  val_loss=0.005284  syn_added=10,000  elapsed=112.0min
[step 117,500] dynamics retrained  val_loss=0.005119  syn_added=10,000  elapsed=112.5min
[step 118,000] dynamics retrained  val_loss=0.005112  syn_added=10,000  elapsed=113.0min
[step 118,500] dynamics retrained  val_loss=0.005117  syn_added=10,000  elapsed=113.5min
[step 119,000] dynamics retrained  val_loss=0.004992  syn_added=10,000  elapsed=114.0min
[step 119,500] dynamics retrained  val_loss=0.005217  syn_added=10,000  elapsed=114.5min
[step 120,000] dynamics retrained  val_loss=0.005097  syn_added=10,000  elapsed=115.1min
[eval  120,000] return=99.71 [71.5,100.4]  success=0%  len=125  (eval took 18.2s)
[step 120,500] dynamics retrained  val_loss=0.005189  syn_added=10,000  elapsed=115.9min
[step 121,000] dynamics retrained  val_loss=0.005136  syn_added=10,000  elapsed=116.4min
[step 121,500] dynamics retrained  val_loss=0.00529  syn_added=10,000  elapsed=116.9min
[step 122,000] dynamics retrained  val_loss=0.004882  syn_added=10,000  elapsed=117.4min
[step 122,500] dynamics retrained  val_loss=0.005249  syn_added=10,000  elapsed=118.0min
[step 123,000] dynamics retrained  val_loss=0.00523  syn_added=10,000  elapsed=118.5min
[step 123,500] dynamics retrained  val_loss=0.005135  syn_added=10,000  elapsed=119.0min
[step 124,000] dynamics retrained  val_loss=0.005319  syn_added=10,000  elapsed=119.5min
[step 124,500] dynamics retrained  val_loss=0.005099  syn_added=10,000  elapsed=120.0min
[step 125,000] dynamics retrained  val_loss=0.005066  syn_added=10,000  elapsed=120.6min
[step 125,500] dynamics retrained  val_loss=0.005023  syn_added=10,000  elapsed=121.1min
[step 126,000] dynamics retrained  val_loss=0.005035  syn_added=10,000  elapsed=121.6min
[step 126,500] dynamics retrained  val_loss=0.00515  syn_added=10,000  elapsed=122.1min
[step 127,000] dynamics retrained  val_loss=0.005068  syn_added=10,000  elapsed=122.7min
[step 127,500] dynamics retrained  val_loss=0.005051  syn_added=10,000  elapsed=123.2min
[step 128,000] dynamics retrained  val_loss=0.00501  syn_added=10,000  elapsed=123.7min
[step 128,500] dynamics retrained  val_loss=0.004957  syn_added=10,000  elapsed=124.2min
[step 129,000] dynamics retrained  val_loss=0.005086  syn_added=10,000  elapsed=124.8min
[step 129,500] dynamics retrained  val_loss=0.005104  syn_added=10,000  elapsed=125.3min
[step 130,000] dynamics retrained  val_loss=0.005066  syn_added=10,000  elapsed=125.8min
[eval  130,000] return=25.60 [-13.0,73.7]  success=0%  len=660  (eval took 42.5s)
[step 130,500] dynamics retrained  val_loss=0.00516  syn_added=10,000  elapsed=127.1min
[step 131,000] dynamics retrained  val_loss=0.005132  syn_added=10,000  elapsed=127.6min
[step 131,500] dynamics retrained  val_loss=0.005  syn_added=10,000  elapsed=128.1min
[step 132,000] dynamics retrained  val_loss=0.004959  syn_added=10,000  elapsed=128.7min
[step 132,500] dynamics retrained  val_loss=0.005285  syn_added=10,000  elapsed=129.2min
[step 133,000] dynamics retrained  val_loss=0.004929  syn_added=10,000  elapsed=129.7min
[step 133,500] dynamics retrained  val_loss=0.00496  syn_added=10,000  elapsed=130.3min
[step 134,000] dynamics retrained  val_loss=0.005005  syn_added=10,000  elapsed=130.8min
[step 134,500] dynamics retrained  val_loss=0.005119  syn_added=10,000  elapsed=131.3min
[step 135,000] dynamics retrained  val_loss=0.005002  syn_added=10,000  elapsed=131.9min
[step 135,500] dynamics retrained  val_loss=0.005225  syn_added=10,000  elapsed=132.4min
[step 136,000] dynamics retrained  val_loss=0.004935  syn_added=10,000  elapsed=132.9min
[step 136,500] dynamics retrained  val_loss=0.005156  syn_added=10,000  elapsed=133.5min
[step 137,000] dynamics retrained  val_loss=0.00501  syn_added=10,000  elapsed=134.0min
[step 137,500] dynamics retrained  val_loss=0.005016  syn_added=10,000  elapsed=134.5min
[step 138,000] dynamics retrained  val_loss=0.005226  syn_added=10,000  elapsed=135.1min
[step 138,500] dynamics retrained  val_loss=0.005087  syn_added=10,000  elapsed=135.6min
[step 139,000] dynamics retrained  val_loss=0.004978  syn_added=10,000  elapsed=136.1min
[step 139,500] dynamics retrained  val_loss=0.005034  syn_added=10,000  elapsed=136.7min
[step 140,000] dynamics retrained  val_loss=0.005114  syn_added=10,000  elapsed=137.2min
[eval  140,000] return=39.80 [26.5,46.2]  success=0%  len=133  (eval took 32.4s)
[step 140,500] dynamics retrained  val_loss=0.00509  syn_added=10,000  elapsed=138.3min
[step 141,000] dynamics retrained  val_loss=0.005068  syn_added=10,000  elapsed=138.8min
[step 141,500] dynamics retrained  val_loss=0.004946  syn_added=10,000  elapsed=139.4min
[step 142,000] dynamics retrained  val_loss=0.0053  syn_added=10,000  elapsed=139.9min
[step 142,500] dynamics retrained  val_loss=0.005018  syn_added=10,000  elapsed=140.4min
[step 143,000] dynamics retrained  val_loss=0.00522  syn_added=10,000  elapsed=141.0min
[step 143,500] dynamics retrained  val_loss=0.005094  syn_added=10,000  elapsed=141.5min
[step 144,000] dynamics retrained  val_loss=0.00513  syn_added=10,000  elapsed=142.0min
[step 144,500] dynamics retrained  val_loss=0.005034  syn_added=10,000  elapsed=142.6min
[step 145,000] dynamics retrained  val_loss=0.005147  syn_added=10,000  elapsed=143.1min
[step 145,500] dynamics retrained  val_loss=0.004999  syn_added=10,000  elapsed=143.6min
[step 146,000] dynamics retrained  val_loss=0.004934  syn_added=10,000  elapsed=144.2min
[step 146,500] dynamics retrained  val_loss=0.005138  syn_added=10,000  elapsed=144.7min
[step 147,000] dynamics retrained  val_loss=0.004976  syn_added=10,000  elapsed=145.3min
[step 147,500] dynamics retrained  val_loss=0.00505  syn_added=10,000  elapsed=145.8min
[step 148,000] dynamics retrained  val_loss=0.005076  syn_added=10,000  elapsed=146.4min
[step 148,500] dynamics retrained  val_loss=0.005028  syn_added=10,000  elapsed=146.9min
[step 149,000] dynamics retrained  val_loss=0.005111  syn_added=10,000  elapsed=147.4min
[step 149,500] dynamics retrained  val_loss=0.005054  syn_added=10,000  elapsed=148.0min
[step 150,000] dynamics retrained  val_loss=0.005029  syn_added=10,000  elapsed=148.5min
[eval  150,000] return=82.66 [55.9,103.3]  success=0%  len=142  (eval took 21.5s)
[ckpt  150,000] saved → final_logs/MBPO/mbpo_seed0/checkpoints/ckpt_step_150000.pt
[step 150,500] dynamics retrained  val_loss=0.00505  syn_added=10,000  elapsed=149.4min
[step 151,000] dynamics retrained  val_loss=0.005191  syn_added=10,000  elapsed=150.0min
[step 151,500] dynamics retrained  val_loss=0.005027  syn_added=10,000  elapsed=150.5min
[step 152,000] dynamics retrained  val_loss=0.004813  syn_added=10,000  elapsed=151.1min
[step 152,500] dynamics retrained  val_loss=0.005191  syn_added=10,000  elapsed=151.6min
[step 153,000] dynamics retrained  val_loss=0.004972  syn_added=10,000  elapsed=152.2min
[step 153,500] dynamics retrained  val_loss=0.004915  syn_added=10,000  elapsed=152.7min
[step 154,000] dynamics retrained  val_loss=0.004926  syn_added=10,000  elapsed=153.3min
[step 154,500] dynamics retrained  val_loss=0.004944  syn_added=10,000  elapsed=153.8min
[step 155,000] dynamics retrained  val_loss=0.005024  syn_added=10,000  elapsed=154.4min
[step 155,500] dynamics retrained  val_loss=0.005055  syn_added=10,000  elapsed=154.9min
[step 156,000] dynamics retrained  val_loss=0.004964  syn_added=10,000  elapsed=155.4min
[step 156,500] dynamics retrained  val_loss=0.004909  syn_added=10,000  elapsed=156.0min
[step 157,000] dynamics retrained  val_loss=0.004888  syn_added=10,000  elapsed=156.5min
[step 157,500] dynamics retrained  val_loss=0.004796  syn_added=10,000  elapsed=157.1min
[step 158,000] dynamics retrained  val_loss=0.005148  syn_added=10,000  elapsed=157.6min
[step 158,500] dynamics retrained  val_loss=0.004947  syn_added=10,000  elapsed=158.2min
[step 159,000] dynamics retrained  val_loss=0.004956  syn_added=10,000  elapsed=158.7min
[step 159,500] dynamics retrained  val_loss=0.004876  syn_added=10,000  elapsed=159.3min
[step 160,000] dynamics retrained  val_loss=0.005122  syn_added=10,000  elapsed=159.8min
[eval  160,000] return=47.79 [37.6,46.3]  success=0%  len=248  (eval took 43.4s)
[step 160,500] dynamics retrained  val_loss=0.004966  syn_added=10,000  elapsed=161.1min
[step 161,000] dynamics retrained  val_loss=0.004942  syn_added=10,000  elapsed=161.7min
[step 161,500] dynamics retrained  val_loss=0.005182  syn_added=10,000  elapsed=162.2min
[step 162,000] dynamics retrained  val_loss=0.005326  syn_added=10,000  elapsed=162.8min
[step 162,500] dynamics retrained  val_loss=0.004968  syn_added=10,000  elapsed=163.3min
[step 163,000] dynamics retrained  val_loss=0.00498  syn_added=10,000  elapsed=163.9min
[step 163,500] dynamics retrained  val_loss=0.004995  syn_added=10,000  elapsed=164.4min
[step 164,000] dynamics retrained  val_loss=0.004924  syn_added=10,000  elapsed=165.0min
[step 164,500] dynamics retrained  val_loss=0.00512  syn_added=10,000  elapsed=165.5min
[step 165,000] dynamics retrained  val_loss=0.005006  syn_added=10,000  elapsed=166.1min
[step 165,500] dynamics retrained  val_loss=0.004996  syn_added=10,000  elapsed=166.6min
[step 166,000] dynamics retrained  val_loss=0.005008  syn_added=10,000  elapsed=167.2min
[step 166,500] dynamics retrained  val_loss=0.005311  syn_added=10,000  elapsed=167.8min
[step 167,000] dynamics retrained  val_loss=0.005119  syn_added=10,000  elapsed=168.3min
[step 167,500] dynamics retrained  val_loss=0.004887  syn_added=10,000  elapsed=168.9min
[step 168,000] dynamics retrained  val_loss=0.004999  syn_added=10,000  elapsed=169.4min
[step 168,500] dynamics retrained  val_loss=0.00513  syn_added=10,000  elapsed=170.0min
[step 169,000] dynamics retrained  val_loss=0.004868  syn_added=10,000  elapsed=170.5min
[step 169,500] dynamics retrained  val_loss=0.004975  syn_added=10,000  elapsed=171.1min
[step 170,000] dynamics retrained  val_loss=0.005117  syn_added=10,000  elapsed=171.7min
[eval  170,000] return=-22.37 [-0.9,0.1]  success=0%  len=921  (eval took 40.6s)
[step 170,500] dynamics retrained  val_loss=0.004988  syn_added=10,000  elapsed=172.9min
[step 171,000] dynamics retrained  val_loss=0.005213  syn_added=10,000  elapsed=173.5min
[step 171,500] dynamics retrained  val_loss=0.005089  syn_added=10,000  elapsed=174.0min
[step 172,000] dynamics retrained  val_loss=0.005032  syn_added=10,000  elapsed=174.6min
[step 172,500] dynamics retrained  val_loss=0.005016  syn_added=10,000  elapsed=175.2min
[step 173,000] dynamics retrained  val_loss=0.005128  syn_added=10,000  elapsed=175.7min
[step 173,500] dynamics retrained  val_loss=0.00511  syn_added=10,000  elapsed=176.3min
[step 174,000] dynamics retrained  val_loss=0.005128  syn_added=10,000  elapsed=176.9min
[step 174,500] dynamics retrained  val_loss=0.005016  syn_added=10,000  elapsed=177.5min
[step 175,000] dynamics retrained  val_loss=0.005072  syn_added=10,000  elapsed=178.0min
[step 175,500] dynamics retrained  val_loss=0.004864  syn_added=10,000  elapsed=178.6min
[step 176,000] dynamics retrained  val_loss=0.005014  syn_added=10,000  elapsed=179.2min
[step 176,500] dynamics retrained  val_loss=0.004945  syn_added=10,000  elapsed=179.7min
[step 177,000] dynamics retrained  val_loss=0.004992  syn_added=10,000  elapsed=180.3min
[step 177,500] dynamics retrained  val_loss=0.005101  syn_added=10,000  elapsed=180.9min
[step 178,000] dynamics retrained  val_loss=0.004934  syn_added=10,000  elapsed=181.5min
[step 178,500] dynamics retrained  val_loss=0.005192  syn_added=10,000  elapsed=182.0min
[step 179,000] dynamics retrained  val_loss=0.005045  syn_added=10,000  elapsed=182.6min
[step 179,500] dynamics retrained  val_loss=0.005052  syn_added=10,000  elapsed=183.2min
[step 180,000] dynamics retrained  val_loss=0.005081  syn_added=10,000  elapsed=183.8min
[eval  180,000] return=-26.28 [-13.0,-0.6]  success=0%  len=966  (eval took 41.0s)
[step 180,500] dynamics retrained  val_loss=0.005021  syn_added=10,000  elapsed=185.0min
[step 181,000] dynamics retrained  val_loss=0.004988  syn_added=10,000  elapsed=185.6min
[step 181,500] dynamics retrained  val_loss=0.00523  syn_added=10,000  elapsed=186.2min
[step 182,000] dynamics retrained  val_loss=0.005124  syn_added=10,000  elapsed=186.7min
[step 182,500] dynamics retrained  val_loss=0.005113  syn_added=10,000  elapsed=187.3min
[step 183,000] dynamics retrained  val_loss=0.005113  syn_added=10,000  elapsed=187.9min
[step 183,500] dynamics retrained  val_loss=0.005039  syn_added=10,000  elapsed=188.5min
[step 184,000] dynamics retrained  val_loss=0.005127  syn_added=10,000  elapsed=189.0min
[step 184,500] dynamics retrained  val_loss=0.004966  syn_added=10,000  elapsed=189.6min
[step 185,000] dynamics retrained  val_loss=0.005079  syn_added=10,000  elapsed=190.2min
[step 185,500] dynamics retrained  val_loss=0.004873  syn_added=10,000  elapsed=190.8min
[step 186,000] dynamics retrained  val_loss=0.005198  syn_added=10,000  elapsed=191.3min
[step 186,500] dynamics retrained  val_loss=0.005181  syn_added=10,000  elapsed=191.9min
[step 187,000] dynamics retrained  val_loss=0.005186  syn_added=10,000  elapsed=192.5min
[step 187,500] dynamics retrained  val_loss=0.004977  syn_added=10,000  elapsed=193.1min
[step 188,000] dynamics retrained  val_loss=0.004984  syn_added=10,000  elapsed=193.7min
[step 188,500] dynamics retrained  val_loss=0.004862  syn_added=10,000  elapsed=194.2min
[step 189,000] dynamics retrained  val_loss=0.004866  syn_added=10,000  elapsed=194.8min
[step 189,500] dynamics retrained  val_loss=0.004912  syn_added=10,000  elapsed=195.4min
[step 190,000] dynamics retrained  val_loss=0.005098  syn_added=10,000  elapsed=196.0min
[eval  190,000] return=149.84 [93.8,180.5]  success=0%  len=140  (eval took 19.6s)
[step 190,500] dynamics retrained  val_loss=0.005091  syn_added=10,000  elapsed=196.9min
[step 191,000] dynamics retrained  val_loss=0.004795  syn_added=10,000  elapsed=197.4min
[step 191,500] dynamics retrained  val_loss=0.00491  syn_added=10,000  elapsed=198.0min
[step 192,000] dynamics retrained  val_loss=0.004993  syn_added=10,000  elapsed=198.6min
[step 192,500] dynamics retrained  val_loss=0.005122  syn_added=10,000  elapsed=199.2min
[step 193,000] dynamics retrained  val_loss=0.004992  syn_added=10,000  elapsed=199.8min
[step 193,500] dynamics retrained  val_loss=0.005248  syn_added=10,000  elapsed=200.3min
[step 194,000] dynamics retrained  val_loss=0.005085  syn_added=10,000  elapsed=200.9min
[step 194,500] dynamics retrained  val_loss=0.004895  syn_added=10,000  elapsed=201.5min
[step 195,000] dynamics retrained  val_loss=0.004761  syn_added=10,000  elapsed=202.1min
[step 195,500] dynamics retrained  val_loss=0.005116  syn_added=10,000  elapsed=202.7min
[step 196,000] dynamics retrained  val_loss=0.004781  syn_added=10,000  elapsed=203.3min
[step 196,500] dynamics retrained  val_loss=0.005265  syn_added=10,000  elapsed=203.8min
[step 197,000] dynamics retrained  val_loss=0.005086  syn_added=10,000  elapsed=204.4min
[step 197,500] dynamics retrained  val_loss=0.00514  syn_added=10,000  elapsed=205.0min
[step 198,000] dynamics retrained  val_loss=0.005087  syn_added=10,000  elapsed=205.6min
[step 198,500] dynamics retrained  val_loss=0.005056  syn_added=10,000  elapsed=206.2min
[step 199,000] dynamics retrained  val_loss=0.005049  syn_added=10,000  elapsed=206.8min
[step 199,500] dynamics retrained  val_loss=0.004964  syn_added=10,000  elapsed=207.4min
[step 200,000] dynamics retrained  val_loss=0.005742  syn_added=10,000  elapsed=208.0min
[eval  200,000] return=66.36 [55.0,67.5]  success=0%  len=121  (eval took 24.5s)
[ckpt  200,000] saved → final_logs/MBPO/mbpo_seed0/checkpoints/ckpt_step_200000.pt
[step 200,500] dynamics retrained  val_loss=0.005111  syn_added=10,000  elapsed=209.0min
[step 201,000] dynamics retrained  val_loss=0.005209  syn_added=10,000  elapsed=209.6min
[step 201,500] dynamics retrained  val_loss=0.005197  syn_added=10,000  elapsed=210.2min
[step 202,000] dynamics retrained  val_loss=0.00524  syn_added=10,000  elapsed=210.8min
[step 202,500] dynamics retrained  val_loss=0.005061  syn_added=10,000  elapsed=211.3min
[step 203,000] dynamics retrained  val_loss=0.005034  syn_added=10,000  elapsed=211.9min
[step 203,500] dynamics retrained  val_loss=0.005156  syn_added=10,000  elapsed=212.5min
[step 204,000] dynamics retrained  val_loss=0.005077  syn_added=10,000  elapsed=213.1min
[step 204,500] dynamics retrained  val_loss=0.005044  syn_added=10,000  elapsed=213.7min
[step 205,000] dynamics retrained  val_loss=0.004941  syn_added=10,000  elapsed=214.3min
[step 205,500] dynamics retrained  val_loss=0.005017  syn_added=10,000  elapsed=214.9min
[step 206,000] dynamics retrained  val_loss=0.00504  syn_added=10,000  elapsed=215.5min
[step 206,500] dynamics retrained  val_loss=0.005117  syn_added=10,000  elapsed=216.0min
[step 207,000] dynamics retrained  val_loss=0.005264  syn_added=10,000  elapsed=216.9min
[step 207,500] dynamics retrained  val_loss=1991  syn_added=10,000  elapsed=217.5min
[step 208,000] dynamics retrained  val_loss=0.005063  syn_added=10,000  elapsed=218.1min
[step 208,500] dynamics retrained  val_loss=0.005279  syn_added=10,000  elapsed=218.9min
[step 209,000] dynamics retrained  val_loss=0.005493  syn_added=10,000  elapsed=219.8min
[step 209,500] dynamics retrained  val_loss=0.005594  syn_added=10,000  elapsed=220.4min
[step 210,000] dynamics retrained  val_loss=0.007159  syn_added=10,000  elapsed=221.8min
[eval  210,000] return=-1.64 [-2.8,-0.0]  success=0%  len=1000  (eval took 39.6s)
[step 210,500] dynamics retrained  val_loss=0.005644  syn_added=10,000  elapsed=223.4min
[step 211,000] dynamics retrained  val_loss=0.005814  syn_added=10,000  elapsed=224.0min
[step 211,500] dynamics retrained  val_loss=1953  syn_added=10,000  elapsed=224.6min
[step 212,000] dynamics retrained  val_loss=0.005378  syn_added=10,000  elapsed=225.3min
[step 212,500] dynamics retrained  val_loss=0.005145  syn_added=10,000  elapsed=227.1min
[step 213,000] dynamics retrained  val_loss=0.004984  syn_added=10,000  elapsed=228.1min
[step 213,500] dynamics retrained  val_loss=0.005033  syn_added=10,000  elapsed=228.8min
[step 214,000] dynamics retrained  val_loss=0.006036  syn_added=10,000  elapsed=229.5min
[step 214,500] dynamics retrained  val_loss=1926  syn_added=10,000  elapsed=230.1min
[step 215,000] dynamics retrained  val_loss=0.005855  syn_added=10,000  elapsed=230.7min
[step 215,500] dynamics retrained  val_loss=0.005447  syn_added=10,000  elapsed=231.3min
[step 216,000] dynamics retrained  val_loss=0.005086  syn_added=10,000  elapsed=232.0min
[step 216,500] dynamics retrained  val_loss=0.005087  syn_added=10,000  elapsed=232.7min
[step 217,000] dynamics retrained  val_loss=0.005127  syn_added=10,000  elapsed=233.3min
[step 217,500] dynamics retrained  val_loss=1899  syn_added=10,000  elapsed=233.9min
[step 218,000] dynamics retrained  val_loss=0.005195  syn_added=10,000  elapsed=234.5min
[step 218,500] dynamics retrained  val_loss=0.004982  syn_added=10,000  elapsed=235.1min
[step 219,000] dynamics retrained  val_loss=0.005735  syn_added=10,000  elapsed=235.7min
[step 219,500] dynamics retrained  val_loss=0.005739  syn_added=10,000  elapsed=236.3min
[step 220,000] dynamics retrained  val_loss=0.004847  syn_added=10,000  elapsed=236.9min
[eval  220,000] return=28.51 [-19.4,91.4]  success=0%  len=566  (eval took 43.5s)
[step 220,500] dynamics retrained  val_loss=0.005085  syn_added=10,000  elapsed=238.2min
[step 221,000] dynamics retrained  val_loss=0.004846  syn_added=10,000  elapsed=238.8min
[step 221,500] dynamics retrained  val_loss=1865  syn_added=10,000  elapsed=239.4min
[step 222,000] dynamics retrained  val_loss=0.00496  syn_added=10,000  elapsed=240.0min
[step 222,500] dynamics retrained  val_loss=0.005017  syn_added=10,000  elapsed=240.6min
[step 223,000] dynamics retrained  val_loss=0.004962  syn_added=10,000  elapsed=241.2min
[step 223,500] dynamics retrained  val_loss=0.004959  syn_added=10,000  elapsed=241.8min
[step 224,000] dynamics retrained  val_loss=0.005043  syn_added=10,000  elapsed=242.4min
[step 224,500] dynamics retrained  val_loss=0.004801  syn_added=10,000  elapsed=243.0min
[step 225,000] dynamics retrained  val_loss=0.004806  syn_added=10,000  elapsed=243.6min
[step 225,500] dynamics retrained  val_loss=1832  syn_added=10,000  elapsed=244.2min
[step 226,000] dynamics retrained  val_loss=0.004909  syn_added=10,000  elapsed=244.8min
[step 226,500] dynamics retrained  val_loss=1824  syn_added=10,000  elapsed=245.4min
[step 227,000] dynamics retrained  val_loss=0.004971  syn_added=10,000  elapsed=246.0min
[step 227,500] dynamics retrained  val_loss=0.00488  syn_added=10,000  elapsed=246.7min
[step 228,000] dynamics retrained  val_loss=0.004919  syn_added=10,000  elapsed=247.3min
[step 228,500] dynamics retrained  val_loss=1808  syn_added=10,000  elapsed=247.9min
[step 229,000] dynamics retrained  val_loss=0.004728  syn_added=10,000  elapsed=248.5min
[step 229,500] dynamics retrained  val_loss=0.005421  syn_added=10,000  elapsed=249.1min
[step 230,000] dynamics retrained  val_loss=0.004978  syn_added=10,000  elapsed=249.7min
[eval  230,000] return=-1.41 [-2.4,-0.3]  success=0%  len=1000  (eval took 39.6s)
[step 230,500] dynamics retrained  val_loss=0.004898  syn_added=10,000  elapsed=251.0min
[step 231,000] dynamics retrained  val_loss=1788  syn_added=10,000  elapsed=251.6min
[step 231,500] dynamics retrained  val_loss=0.004853  syn_added=10,000  elapsed=252.2min
[step 232,000] dynamics retrained  val_loss=0.00475  syn_added=10,000  elapsed=252.9min
[step 232,500] dynamics retrained  val_loss=0.004917  syn_added=10,000  elapsed=253.5min
[step 233,000] dynamics retrained  val_loss=0.004834  syn_added=10,000  elapsed=254.1min
[step 233,500] dynamics retrained  val_loss=0.004884  syn_added=10,000  elapsed=254.7min
[step 234,000] dynamics retrained  val_loss=0.004973  syn_added=10,000  elapsed=255.4min
[step 234,500] dynamics retrained  val_loss=0.004804  syn_added=10,000  elapsed=256.0min
[step 235,000] dynamics retrained  val_loss=1758  syn_added=10,000  elapsed=256.6min
[step 235,500] dynamics retrained  val_loss=1754  syn_added=10,000  elapsed=257.2min
[step 236,000] dynamics retrained  val_loss=0.004954  syn_added=10,000  elapsed=257.8min
[step 236,500] dynamics retrained  val_loss=0.004876  syn_added=10,000  elapsed=258.7min
[step 237,000] dynamics retrained  val_loss=0.004754  syn_added=10,000  elapsed=260.1min
[step 237,500] dynamics retrained  val_loss=1739  syn_added=10,000  elapsed=260.7min
[step 238,000] dynamics retrained  val_loss=0.004725  syn_added=10,000  elapsed=261.4min
[step 238,500] dynamics retrained  val_loss=0.004829  syn_added=10,000  elapsed=262.1min
[step 239,000] dynamics retrained  val_loss=0.004749  syn_added=10,000  elapsed=262.7min
[step 239,500] dynamics retrained  val_loss=0.004754  syn_added=10,000  elapsed=263.3min
[step 240,000] dynamics retrained  val_loss=1721  syn_added=10,000  elapsed=264.0min
[eval  240,000] return=-22.43 [-35.2,-1.7]  success=0%  len=900  (eval took 40.7s)
[step 240,500] dynamics retrained  val_loss=0.004845  syn_added=10,000  elapsed=265.2min
[step 241,000] dynamics retrained  val_loss=0.004832  syn_added=10,000  elapsed=265.9min
[step 241,500] dynamics retrained  val_loss=0.005254  syn_added=10,000  elapsed=266.5min
[step 242,000] dynamics retrained  val_loss=0.005432  syn_added=10,000  elapsed=267.1min
[step 242,500] dynamics retrained  val_loss=1703  syn_added=10,000  elapsed=267.7min
[step 243,000] dynamics retrained  val_loss=0.004617  syn_added=10,000  elapsed=268.4min
[step 243,500] dynamics retrained  val_loss=0.004923  syn_added=10,000  elapsed=269.0min
[step 244,000] dynamics retrained  val_loss=0.004798  syn_added=10,000  elapsed=269.6min
[step 244,500] dynamics retrained  val_loss=0.004654  syn_added=10,000  elapsed=270.2min
[step 245,000] dynamics retrained  val_loss=0.004714  syn_added=10,000  elapsed=270.9min
[step 245,500] dynamics retrained  val_loss=0.004774  syn_added=10,000  elapsed=271.5min
[step 246,000] dynamics retrained  val_loss=0.004592  syn_added=10,000  elapsed=272.1min
[step 246,500] dynamics retrained  val_loss=0.005199  syn_added=10,000  elapsed=272.7min
[step 247,000] dynamics retrained  val_loss=0.004747  syn_added=10,000  elapsed=273.4min
[step 247,500] dynamics retrained  val_loss=0.004701  syn_added=10,000  elapsed=274.0min
[step 248,000] dynamics retrained  val_loss=0.004919  syn_added=10,000  elapsed=274.7min
[step 248,500] dynamics retrained  val_loss=0.00474  syn_added=10,000  elapsed=275.3min
[step 249,000] dynamics retrained  val_loss=0.00551  syn_added=10,000  elapsed=275.9min
[step 249,500] dynamics retrained  val_loss=0.004537  syn_added=10,000  elapsed=276.5min
[step 250,000] dynamics retrained  val_loss=0.004534  syn_added=10,000  elapsed=277.2min
[eval  250,000] return=-29.25 [-19.2,-1.3]  success=0%  len=1000  (eval took 39.6s)
[ckpt  250,000] saved → final_logs/MBPO/mbpo_seed0/checkpoints/ckpt_step_250000.pt
[step 250,500] dynamics retrained  val_loss=0.004618  syn_added=10,000  elapsed=278.5min
[step 251,000] dynamics retrained  val_loss=0.004579  syn_added=10,000  elapsed=279.1min
[step 251,500] dynamics retrained  val_loss=1642  syn_added=10,000  elapsed=279.7min
[step 252,000] dynamics retrained  val_loss=0.004583  syn_added=10,000  elapsed=280.3min
[step 252,500] dynamics retrained  val_loss=0.004798  syn_added=10,000  elapsed=281.0min
[step 253,000] dynamics retrained  val_loss=0.004703  syn_added=10,000  elapsed=281.6min
[step 253,500] dynamics retrained  val_loss=0.004696  syn_added=10,000  elapsed=282.2min
[step 254,000] dynamics retrained  val_loss=0.004743  syn_added=10,000  elapsed=282.9min
[step 254,500] dynamics retrained  val_loss=0.004543  syn_added=10,000  elapsed=283.5min
[step 255,000] dynamics retrained  val_loss=0.005317  syn_added=10,000  elapsed=284.2min
[step 255,500] dynamics retrained  val_loss=0.00473  syn_added=10,000  elapsed=284.8min
[step 256,000] dynamics retrained  val_loss=1613  syn_added=10,000  elapsed=285.4min
[step 256,500] dynamics retrained  val_loss=0.004544  syn_added=10,000  elapsed=286.1min
[step 257,000] dynamics retrained  val_loss=0.004778  syn_added=10,000  elapsed=286.7min
[step 257,500] dynamics retrained  val_loss=0.004686  syn_added=10,000  elapsed=287.3min
[step 258,000] dynamics retrained  val_loss=0.004601  syn_added=10,000  elapsed=288.0min
[step 258,500] dynamics retrained  val_loss=1598  syn_added=10,000  elapsed=288.6min
[step 259,000] dynamics retrained  val_loss=0.00472  syn_added=10,000  elapsed=289.2min
[step 259,500] dynamics retrained  val_loss=0.00484  syn_added=10,000  elapsed=289.9min
[step 260,000] dynamics retrained  val_loss=0.004623  syn_added=10,000  elapsed=290.5min
[eval  260,000] return=-5.45 [-2.8,0.3]  success=0%  len=1000  (eval took 40.0s)
[step 260,500] dynamics retrained  val_loss=0.004883  syn_added=10,000  elapsed=291.8min
[step 261,000] dynamics retrained  val_loss=0.004682  syn_added=10,000  elapsed=292.5min
[step 261,500] dynamics retrained  val_loss=0.005264  syn_added=10,000  elapsed=293.1min
[step 262,000] dynamics retrained  val_loss=0.004692  syn_added=10,000  elapsed=293.7min
[step 262,500] dynamics retrained  val_loss=0.004509  syn_added=10,000  elapsed=294.4min
[step 263,000] dynamics retrained  val_loss=0.004563  syn_added=10,000  elapsed=295.0min
[step 263,500] dynamics retrained  val_loss=0.004669  syn_added=10,000  elapsed=295.6min
[step 264,000] dynamics retrained  val_loss=0.005153  syn_added=10,000  elapsed=296.3min
[step 264,500] dynamics retrained  val_loss=0.005141  syn_added=10,000  elapsed=296.9min
[step 265,000] dynamics retrained  val_loss=0.004543  syn_added=10,000  elapsed=297.6min
[step 265,500] dynamics retrained  val_loss=0.00477  syn_added=10,000  elapsed=298.2min
[step 266,000] dynamics retrained  val_loss=0.004606  syn_added=10,000  elapsed=298.8min
[step 266,500] dynamics retrained  val_loss=0.004634  syn_added=10,000  elapsed=299.5min
[step 267,000] dynamics retrained  val_loss=0.004457  syn_added=10,000  elapsed=300.1min
[step 267,500] dynamics retrained  val_loss=0.004491  syn_added=10,000  elapsed=300.7min
[step 268,000] dynamics retrained  val_loss=0.005283  syn_added=10,000  elapsed=301.4min
[step 268,500] dynamics retrained  val_loss=1538  syn_added=10,000  elapsed=302.0min
[step 269,000] dynamics retrained  val_loss=0.004365  syn_added=10,000  elapsed=302.7min
[step 269,500] dynamics retrained  val_loss=0.004573  syn_added=10,000  elapsed=303.3min
[step 270,000] dynamics retrained  val_loss=0.004502  syn_added=10,000  elapsed=303.9min
[eval  270,000] return=-10.39 [-4.5,-0.9]  success=0%  len=1000  (eval took 39.6s)
[step 270,500] dynamics retrained  val_loss=0.004551  syn_added=10,000  elapsed=305.2min
[step 271,000] dynamics retrained  val_loss=0.004568  syn_added=10,000  elapsed=305.9min
[step 271,500] dynamics retrained  val_loss=0.004529  syn_added=10,000  elapsed=306.5min
[step 272,000] dynamics retrained  val_loss=0.004497  syn_added=10,000  elapsed=307.2min
[step 272,500] dynamics retrained  val_loss=0.004361  syn_added=10,000  elapsed=307.8min
[step 273,000] dynamics retrained  val_loss=0.004542  syn_added=10,000  elapsed=308.5min
[step 273,500] dynamics retrained  val_loss=0.004559  syn_added=10,000  elapsed=309.1min
[step 274,000] dynamics retrained  val_loss=0.00452  syn_added=10,000  elapsed=309.8min
[step 274,500] dynamics retrained  val_loss=1505  syn_added=10,000  elapsed=310.4min
[step 275,000] dynamics retrained  val_loss=0.004586  syn_added=10,000  elapsed=311.0min
[step 275,500] dynamics retrained  val_loss=0.004685  syn_added=10,000  elapsed=311.7min
[step 276,000] dynamics retrained  val_loss=0.004385  syn_added=10,000  elapsed=312.3min
[step 276,500] dynamics retrained  val_loss=0.004397  syn_added=10,000  elapsed=313.0min
[step 277,000] dynamics retrained  val_loss=1491  syn_added=10,000  elapsed=313.6min
[step 277,500] dynamics retrained  val_loss=0.004315  syn_added=10,000  elapsed=314.3min
[step 278,000] dynamics retrained  val_loss=0.004443  syn_added=10,000  elapsed=314.9min
[step 278,500] dynamics retrained  val_loss=0.004504  syn_added=10,000  elapsed=315.6min
[step 279,000] dynamics retrained  val_loss=0.004517  syn_added=10,000  elapsed=316.2min
[step 279,500] dynamics retrained  val_loss=0.004531  syn_added=10,000  elapsed=316.9min
[step 280,000] dynamics retrained  val_loss=0.004616  syn_added=10,000  elapsed=317.5min
[eval  280,000] return=-16.43 [-24.1,-4.1]  success=0%  len=900  (eval took 41.2s)
